// Jest Snapshot v1, https://goo.gl/fbAQLP

exports[`builders typescript tsTypeParameter accept name as argument for tsTypeParameter 1`] = `
Object {
  "constraint": Object {
    "type": "TSTypeReference",
    "typeName": Object {
      "decorators": null,
      "name": "bar",
      "optional": null,
      "type": "Identifier",
      "typeAnnotation": null,
    },
    "typeParameters": null,
  },
  "default": Object {
    "type": "TSTypeReference",
    "typeName": Object {
      "decorators": null,
      "name": "baz",
      "optional": null,
      "type": "Identifier",
      "typeAnnotation": null,
    },
    "typeParameters": null,
  },
  "name": "foo",
  "type": "TSTypeParameter",
}
`;
